Copyright 1986-2022 Xilinx, Inc. All Rights Reserved. Copyright 2022-2023 Advanced Micro Devices, Inc. All Rights Reserved.
---------------------------------------------------------------------------------------------------------------------------------------------
| Tool Version : Vivado v.2023.1 (win64) Build 3865809 Sun May  7 15:05:29 MDT 2023
| Date         : Mon Sep  7 21:33:37 2026
| Host         : TABLET-9UARK71U running 64-bit major release  (build 9200)
| Command      : report_control_sets -verbose -file rgb_led_top_control_sets_placed.rpt
| Design       : rgb_led_top
| Device       : xc7z010
---------------------------------------------------------------------------------------------------------------------------------------------

Control Set Information

Table of Contents
-----------------
1. Summary
2. Histogram
3. Flip-Flop Distribution
4. Detailed Control Set Information

1. Summary
----------

+----------------------------------------------------------+-------+
|                          Status                          | Count |
+----------------------------------------------------------+-------+
| Total control sets                                       |     4 |
|    Minimum number of control sets                        |     4 |
|    Addition due to synthesis replication                 |     0 |
|    Addition due to physical synthesis replication        |     0 |
| Unused register locations in slices containing registers |     5 |
+----------------------------------------------------------+-------+
* Control sets can be merged at opt_design using control_set_merge or merge_equivalent_drivers
** Run report_qor_suggestions for automated merging and remapping suggestions


2. Histogram
------------

+--------------------+-------+
|       Fanout       | Count |
+--------------------+-------+
| Total control sets |     4 |
| >= 0 to < 4        |     1 |
| >= 4 to < 6        |     0 |
| >= 6 to < 8        |     0 |
| >= 8 to < 10       |     0 |
| >= 10 to < 12      |     0 |
| >= 12 to < 14      |     0 |
| >= 14 to < 16      |     0 |
| >= 16              |     3 |
+--------------------+-------+
* Control sets can be remapped at either synth_design or opt_design


3. Flip-Flop Distribution
-------------------------

+--------------+-----------------------+------------------------+-----------------+--------------+
| Clock Enable | Synchronous Set/Reset | Asynchronous Set/Reset | Total Registers | Total Slices |
+--------------+-----------------------+------------------------+-----------------+--------------+
| No           | No                    | No                     |               3 |            3 |
| No           | No                    | Yes                    |               0 |            0 |
| No           | Yes                   | No                     |              96 |           24 |
| Yes          | No                    | No                     |               0 |            0 |
| Yes          | No                    | Yes                    |               0 |            0 |
| Yes          | Yes                   | No                     |               0 |            0 |
+--------------+-----------------------+------------------------+-----------------+--------------+


4. Detailed Control Set Information
-----------------------------------

+--------------------+---------------+---------------------------------+------------------+----------------+--------------+
|    Clock Signal    | Enable Signal |         Set/Reset Signal        | Slice Load Count | Bel Load Count | Bels / Slice |
+--------------------+---------------+---------------------------------+------------------+----------------+--------------+
|  sys_clk_IBUF_BUFG |               |                                 |                3 |              3 |         1.00 |
|  sys_clk_IBUF_BUFG |               | blue_led/clk_cnt[0]_i_1__1_n_0  |                8 |             32 |         4.00 |
|  sys_clk_IBUF_BUFG |               | green_led/clk_cnt[0]_i_1__0_n_0 |                8 |             32 |         4.00 |
|  sys_clk_IBUF_BUFG |               | red_led/clk_cnt[0]_i_1_n_0      |                8 |             32 |         4.00 |
+--------------------+---------------+---------------------------------+------------------+----------------+--------------+


