
*** Running vivado
    with args -log axi_gpio_eg_wrapper.vdi -applog -m64 -product Vivado -messageDb vivado.pb -mode batch -source axi_gpio_eg_wrapper.tcl -notrace


ECHO is off.
ECHO is off.

****** Vivado v2023.1 (64-bit)
  **** SW Build 3865809 on Sun May  7 15:05:29 MDT 2023
  **** IP Build 3864474 on Sun May  7 20:36:21 MDT 2023
  **** SharedData Build 3865790 on Sun May 07 13:33:03 MDT 2023
    ** Copyright 1986-2022 Xilinx, Inc. All Rights Reserved.
    ** Copyright 2022-2023 Advanced Micro Devices, Inc. All Rights Reserved.

source axi_gpio_eg_wrapper.tcl -notrace
create_project: Time (s): cpu = 00:00:08 ; elapsed = 00:00:08 . Memory (MB): peak = 486.883 ; gain = 198.344
INFO: [IP_Flow 19-234] Refreshing IP repositories
INFO: [IP_Flow 19-1704] No user IP repositories specified
INFO: [IP_Flow 19-2313] Loaded Vivado IP repository 'C:/Xilinx/Vivado/2023.1/data/ip'.
Command: link_design -top axi_gpio_eg_wrapper -part xc7z010clg400-1
Design is defaulting to srcset: sources_1
Design is defaulting to constrset: constrs_1
INFO: [Device 21-403] Loading part xc7z010clg400-1
INFO: [Project 1-454] Reading design checkpoint 'c:/Users/eduar/Documents/GitHub/school/ece520l-system-on-chip-design-lab/axi_gpio_eg/axi_gpio_eg.gen/sources_1/bd/axi_gpio_eg/ip/axi_gpio_eg_axi_gpio_0_0/axi_gpio_eg_axi_gpio_0_0.dcp' for cell 'axi_gpio_eg_i/axi_gpio_0'
INFO: [Project 1-454] Reading design checkpoint 'c:/Users/eduar/Documents/GitHub/school/ece520l-system-on-chip-design-lab/axi_gpio_eg/axi_gpio_eg.gen/sources_1/bd/axi_gpio_eg/ip/axi_gpio_eg_axi_gpio_1_0/axi_gpio_eg_axi_gpio_1_0.dcp' for cell 'axi_gpio_eg_i/axi_gpio_1'
INFO: [Project 1-454] Reading design checkpoint 'c:/Users/eduar/Documents/GitHub/school/ece520l-system-on-chip-design-lab/axi_gpio_eg/axi_gpio_eg.gen/sources_1/bd/axi_gpio_eg/ip/axi_gpio_eg_axi_gpio_2_0/axi_gpio_eg_axi_gpio_2_0.dcp' for cell 'axi_gpio_eg_i/axi_gpio_2'
INFO: [Project 1-454] Reading design checkpoint 'c:/Users/eduar/Documents/GitHub/school/ece520l-system-on-chip-design-lab/axi_gpio_eg/axi_gpio_eg.gen/sources_1/bd/axi_gpio_eg/ip/axi_gpio_eg_processing_system7_0_0/axi_gpio_eg_processing_system7_0_0.dcp' for cell 'axi_gpio_eg_i/processing_system7_0'
INFO: [Project 1-454] Reading design checkpoint 'c:/Users/eduar/Documents/GitHub/school/ece520l-system-on-chip-design-lab/axi_gpio_eg/axi_gpio_eg.gen/sources_1/bd/axi_gpio_eg/ip/axi_gpio_eg_rst_ps7_0_50M_1/axi_gpio_eg_rst_ps7_0_50M_1.dcp' for cell 'axi_gpio_eg_i/rst_ps7_0_50M'
INFO: [Project 1-454] Reading design checkpoint 'c:/Users/eduar/Documents/GitHub/school/ece520l-system-on-chip-design-lab/axi_gpio_eg/axi_gpio_eg.gen/sources_1/bd/axi_gpio_eg/ip/axi_gpio_eg_xbar_0/axi_gpio_eg_xbar_0.dcp' for cell 'axi_gpio_eg_i/ps7_0_axi_periph/xbar'
INFO: [Project 1-454] Reading design checkpoint 'c:/Users/eduar/Documents/GitHub/school/ece520l-system-on-chip-design-lab/axi_gpio_eg/axi_gpio_eg.gen/sources_1/bd/axi_gpio_eg/ip/axi_gpio_eg_auto_pc_0/axi_gpio_eg_auto_pc_0.dcp' for cell 'axi_gpio_eg_i/ps7_0_axi_periph/s00_couplers/auto_pc'
Netlist sorting complete. Time (s): cpu = 00:00:00 ; elapsed = 00:00:00.068 . Memory (MB): peak = 932.562 ; gain = 0.000
INFO: [Netlist 29-17] Analyzing 18 Unisim elements for replacement
INFO: [Netlist 29-28] Unisim Transformation completed in 0 CPU seconds
INFO: [Project 1-479] Netlist was created with Vivado 2023.1
INFO: [Project 1-570] Preparing netlist for logic optimization
Parsing XDC File [c:/Users/eduar/Documents/GitHub/school/ece520l-system-on-chip-design-lab/axi_gpio_eg/axi_gpio_eg.gen/sources_1/bd/axi_gpio_eg/ip/axi_gpio_eg_processing_system7_0_0/axi_gpio_eg_processing_system7_0_0.xdc] for cell 'axi_gpio_eg_i/processing_system7_0/inst'
Finished Parsing XDC File [c:/Users/eduar/Documents/GitHub/school/ece520l-system-on-chip-design-lab/axi_gpio_eg/axi_gpio_eg.gen/sources_1/bd/axi_gpio_eg/ip/axi_gpio_eg_processing_system7_0_0/axi_gpio_eg_processing_system7_0_0.xdc] for cell 'axi_gpio_eg_i/processing_system7_0/inst'
Parsing XDC File [c:/Users/eduar/Documents/GitHub/school/ece520l-system-on-chip-design-lab/axi_gpio_eg/axi_gpio_eg.gen/sources_1/bd/axi_gpio_eg/ip/axi_gpio_eg_axi_gpio_0_0/axi_gpio_eg_axi_gpio_0_0_board.xdc] for cell 'axi_gpio_eg_i/axi_gpio_0/U0'
Finished Parsing XDC File [c:/Users/eduar/Documents/GitHub/school/ece520l-system-on-chip-design-lab/axi_gpio_eg/axi_gpio_eg.gen/sources_1/bd/axi_gpio_eg/ip/axi_gpio_eg_axi_gpio_0_0/axi_gpio_eg_axi_gpio_0_0_board.xdc] for cell 'axi_gpio_eg_i/axi_gpio_0/U0'
Parsing XDC File [c:/Users/eduar/Documents/GitHub/school/ece520l-system-on-chip-design-lab/axi_gpio_eg/axi_gpio_eg.gen/sources_1/bd/axi_gpio_eg/ip/axi_gpio_eg_axi_gpio_0_0/axi_gpio_eg_axi_gpio_0_0.xdc] for cell 'axi_gpio_eg_i/axi_gpio_0/U0'
Finished Parsing XDC File [c:/Users/eduar/Documents/GitHub/school/ece520l-system-on-chip-design-lab/axi_gpio_eg/axi_gpio_eg.gen/sources_1/bd/axi_gpio_eg/ip/axi_gpio_eg_axi_gpio_0_0/axi_gpio_eg_axi_gpio_0_0.xdc] for cell 'axi_gpio_eg_i/axi_gpio_0/U0'
Parsing XDC File [c:/Users/eduar/Documents/GitHub/school/ece520l-system-on-chip-design-lab/axi_gpio_eg/axi_gpio_eg.gen/sources_1/bd/axi_gpio_eg/ip/axi_gpio_eg_rst_ps7_0_50M_1/axi_gpio_eg_rst_ps7_0_50M_1_board.xdc] for cell 'axi_gpio_eg_i/rst_ps7_0_50M/U0'
Finished Parsing XDC File [c:/Users/eduar/Documents/GitHub/school/ece520l-system-on-chip-design-lab/axi_gpio_eg/axi_gpio_eg.gen/sources_1/bd/axi_gpio_eg/ip/axi_gpio_eg_rst_ps7_0_50M_1/axi_gpio_eg_rst_ps7_0_50M_1_board.xdc] for cell 'axi_gpio_eg_i/rst_ps7_0_50M/U0'
Parsing XDC File [c:/Users/eduar/Documents/GitHub/school/ece520l-system-on-chip-design-lab/axi_gpio_eg/axi_gpio_eg.gen/sources_1/bd/axi_gpio_eg/ip/axi_gpio_eg_rst_ps7_0_50M_1/axi_gpio_eg_rst_ps7_0_50M_1.xdc] for cell 'axi_gpio_eg_i/rst_ps7_0_50M/U0'
Finished Parsing XDC File [c:/Users/eduar/Documents/GitHub/school/ece520l-system-on-chip-design-lab/axi_gpio_eg/axi_gpio_eg.gen/sources_1/bd/axi_gpio_eg/ip/axi_gpio_eg_rst_ps7_0_50M_1/axi_gpio_eg_rst_ps7_0_50M_1.xdc] for cell 'axi_gpio_eg_i/rst_ps7_0_50M/U0'
Parsing XDC File [c:/Users/eduar/Documents/GitHub/school/ece520l-system-on-chip-design-lab/axi_gpio_eg/axi_gpio_eg.gen/sources_1/bd/axi_gpio_eg/ip/axi_gpio_eg_axi_gpio_1_0/axi_gpio_eg_axi_gpio_1_0_board.xdc] for cell 'axi_gpio_eg_i/axi_gpio_1/U0'
Finished Parsing XDC File [c:/Users/eduar/Documents/GitHub/school/ece520l-system-on-chip-design-lab/axi_gpio_eg/axi_gpio_eg.gen/sources_1/bd/axi_gpio_eg/ip/axi_gpio_eg_axi_gpio_1_0/axi_gpio_eg_axi_gpio_1_0_board.xdc] for cell 'axi_gpio_eg_i/axi_gpio_1/U0'
Parsing XDC File [c:/Users/eduar/Documents/GitHub/school/ece520l-system-on-chip-design-lab/axi_gpio_eg/axi_gpio_eg.gen/sources_1/bd/axi_gpio_eg/ip/axi_gpio_eg_axi_gpio_1_0/axi_gpio_eg_axi_gpio_1_0.xdc] for cell 'axi_gpio_eg_i/axi_gpio_1/U0'
Finished Parsing XDC File [c:/Users/eduar/Documents/GitHub/school/ece520l-system-on-chip-design-lab/axi_gpio_eg/axi_gpio_eg.gen/sources_1/bd/axi_gpio_eg/ip/axi_gpio_eg_axi_gpio_1_0/axi_gpio_eg_axi_gpio_1_0.xdc] for cell 'axi_gpio_eg_i/axi_gpio_1/U0'
Parsing XDC File [c:/Users/eduar/Documents/GitHub/school/ece520l-system-on-chip-design-lab/axi_gpio_eg/axi_gpio_eg.gen/sources_1/bd/axi_gpio_eg/ip/axi_gpio_eg_axi_gpio_2_0/axi_gpio_eg_axi_gpio_2_0_board.xdc] for cell 'axi_gpio_eg_i/axi_gpio_2/U0'
Finished Parsing XDC File [c:/Users/eduar/Documents/GitHub/school/ece520l-system-on-chip-design-lab/axi_gpio_eg/axi_gpio_eg.gen/sources_1/bd/axi_gpio_eg/ip/axi_gpio_eg_axi_gpio_2_0/axi_gpio_eg_axi_gpio_2_0_board.xdc] for cell 'axi_gpio_eg_i/axi_gpio_2/U0'
Parsing XDC File [c:/Users/eduar/Documents/GitHub/school/ece520l-system-on-chip-design-lab/axi_gpio_eg/axi_gpio_eg.gen/sources_1/bd/axi_gpio_eg/ip/axi_gpio_eg_axi_gpio_2_0/axi_gpio_eg_axi_gpio_2_0.xdc] for cell 'axi_gpio_eg_i/axi_gpio_2/U0'
Finished Parsing XDC File [c:/Users/eduar/Documents/GitHub/school/ece520l-system-on-chip-design-lab/axi_gpio_eg/axi_gpio_eg.gen/sources_1/bd/axi_gpio_eg/ip/axi_gpio_eg_axi_gpio_2_0/axi_gpio_eg_axi_gpio_2_0.xdc] for cell 'axi_gpio_eg_i/axi_gpio_2/U0'
INFO: [Opt 31-138] Pushed 0 inverter(s) to 0 load pin(s).
Netlist sorting complete. Time (s): cpu = 00:00:00 ; elapsed = 00:00:00.001 . Memory (MB): peak = 1088.117 ; gain = 0.000
INFO: [Project 1-111] Unisim Transformation Summary:
No Unisim elements were transformed.

17 Infos, 0 Warnings, 0 Critical Warnings and 0 Errors encountered.
link_design completed successfully
link_design: Time (s): cpu = 00:00:08 ; elapsed = 00:00:11 . Memory (MB): peak = 1088.117 ; gain = 550.789
Command: opt_design
Attempting to get a license for feature 'Implementation' and/or device 'xc7z010'
INFO: [Common 17-349] Got license for feature 'Implementation' and/or device 'xc7z010'
Running DRC as a precondition to command opt_design

Starting DRC Task
INFO: [DRC 23-27] Running DRC with 2 threads
INFO: [Project 1-461] DRC finished with 0 Errors
INFO: [Project 1-462] Please refer to the DRC report (report_drc) for more information.

Time (s): cpu = 00:00:01 ; elapsed = 00:00:01 . Memory (MB): peak = 1113.398 ; gain = 25.281

Starting Cache Timing Information Task
INFO: [Timing 38-35] Done setting XDC timing constraints.
Ending Cache Timing Information Task | Checksum: 2da4cf25a

Time (s): cpu = 00:00:07 ; elapsed = 00:00:07 . Memory (MB): peak = 1639.680 ; gain = 526.281

Starting Logic Optimization Task

Phase 1 Retarget
INFO: [Opt 31-138] Pushed 0 inverter(s) to 0 load pin(s).
INFO: [Opt 31-49] Retargeted 0 cell(s).
Phase 1 Retarget | Checksum: 23fce9e6c

Time (s): cpu = 00:00:00 ; elapsed = 00:00:00.179 . Memory (MB): peak = 1989.711 ; gain = 0.000
INFO: [Opt 31-389] Phase Retarget created 6 cells and removed 40 cells
INFO: [Opt 31-1021] In phase Retarget, 4 netlist objects are constrained preventing optimization. Please run opt_design with -debug_log to get more detail. 

Phase 2 Constant propagation
INFO: [Opt 31-138] Pushed 0 inverter(s) to 0 load pin(s).
Phase 2 Constant propagation | Checksum: 23fce9e6c

Time (s): cpu = 00:00:00 ; elapsed = 00:00:00.197 . Memory (MB): peak = 1989.711 ; gain = 0.000
INFO: [Opt 31-389] Phase Constant propagation created 0 cells and removed 0 cells

Phase 3 Sweep
Phase 3 Sweep | Checksum: 247c53125

Time (s): cpu = 00:00:01 ; elapsed = 00:00:00.326 . Memory (MB): peak = 1989.711 ; gain = 0.000
INFO: [Opt 31-389] Phase Sweep created 4 cells and removed 103 cells

Phase 4 BUFG optimization
Phase 4 BUFG optimization | Checksum: 247c53125

Time (s): cpu = 00:00:01 ; elapsed = 00:00:00.366 . Memory (MB): peak = 1989.711 ; gain = 0.000
INFO: [Opt 31-662] Phase BUFG optimization created 0 cells of which 0 are BUFGs and removed 0 cells.

Phase 5 Shift Register Optimization
INFO: [Opt 31-1064] SRL Remap converted 0 SRLs to 0 registers and converted 0 registers of register chains to 0 SRLs
Phase 5 Shift Register Optimization | Checksum: 2617151d3

Time (s): cpu = 00:00:01 ; elapsed = 00:00:00.442 . Memory (MB): peak = 1989.711 ; gain = 0.000
INFO: [Opt 31-389] Phase Shift Register Optimization created 0 cells and removed 0 cells

Phase 6 Post Processing Netlist
Phase 6 Post Processing Netlist | Checksum: 2d17093b8

Time (s): cpu = 00:00:01 ; elapsed = 00:00:00.458 . Memory (MB): peak = 1989.711 ; gain = 0.000
INFO: [Opt 31-389] Phase Post Processing Netlist created 0 cells and removed 0 cells
Opt_design Change Summary
=========================


-------------------------------------------------------------------------------------------------------------------------
|  Phase                        |  #Cells created  |  #Cells Removed  |  #Constrained objects preventing optimizations  |
-------------------------------------------------------------------------------------------------------------------------
|  Retarget                     |               6  |              40  |                                              4  |
|  Constant propagation         |               0  |               0  |                                              0  |
|  Sweep                        |               4  |             103  |                                              0  |
|  BUFG optimization            |               0  |               0  |                                              0  |
|  Shift Register Optimization  |               0  |               0  |                                              0  |
|  Post Processing Netlist      |               0  |               0  |                                              0  |
-------------------------------------------------------------------------------------------------------------------------



Starting Connectivity Check Task

Time (s): cpu = 00:00:00 ; elapsed = 00:00:00.003 . Memory (MB): peak = 1989.711 ; gain = 0.000
Ending Logic Optimization Task | Checksum: 270121b15

Time (s): cpu = 00:00:01 ; elapsed = 00:00:00.468 . Memory (MB): peak = 1989.711 ; gain = 0.000

Starting Power Optimization Task
INFO: [Pwropt 34-132] Skipping clock gating for clocks with a period < 2.00 ns.
Ending Power Optimization Task | Checksum: 270121b15

Time (s): cpu = 00:00:00 ; elapsed = 00:00:00.017 . Memory (MB): peak = 1989.711 ; gain = 0.000

Starting Final Cleanup Task
Ending Final Cleanup Task | Checksum: 270121b15

Time (s): cpu = 00:00:00 ; elapsed = 00:00:00.002 . Memory (MB): peak = 1989.711 ; gain = 0.000

Starting Netlist Obfuscation Task
Netlist sorting complete. Time (s): cpu = 00:00:00 ; elapsed = 00:00:00.001 . Memory (MB): peak = 1989.711 ; gain = 0.000
Ending Netlist Obfuscation Task | Checksum: 270121b15

Time (s): cpu = 00:00:00 ; elapsed = 00:00:00.003 . Memory (MB): peak = 1989.711 ; gain = 0.000
INFO: [Common 17-83] Releasing license: Implementation
35 Infos, 0 Warnings, 0 Critical Warnings and 0 Errors encountered.
opt_design completed successfully
opt_design: Time (s): cpu = 00:00:11 ; elapsed = 00:00:11 . Memory (MB): peak = 1989.711 ; gain = 901.594
INFO: [runtcl-4] Executing : report_drc -file axi_gpio_eg_wrapper_drc_opted.rpt -pb axi_gpio_eg_wrapper_drc_opted.pb -rpx axi_gpio_eg_wrapper_drc_opted.rpx
Command: report_drc -file axi_gpio_eg_wrapper_drc_opted.rpt -pb axi_gpio_eg_wrapper_drc_opted.pb -rpx axi_gpio_eg_wrapper_drc_opted.rpx
INFO: [IP_Flow 19-1839] IP Catalog is up to date.
INFO: [DRC 23-27] Running DRC with 2 threads
INFO: [Vivado_Tcl 2-168] The results of DRC are in file C:/Users/eduar/Documents/GitHub/school/ece520l-system-on-chip-design-lab/axi_gpio_eg/axi_gpio_eg.runs/impl_1/axi_gpio_eg_wrapper_drc_opted.rpt.
report_drc completed successfully
INFO: [Timing 38-480] Writing timing data to binary archive.
Writing XDEF routing.
Writing XDEF routing logical nets.
Writing XDEF routing special nets.
Write XDEF Complete: Time (s): cpu = 00:00:00 ; elapsed = 00:00:00.082 . Memory (MB): peak = 1989.711 ; gain = 0.000
INFO: [Common 17-1381] The checkpoint 'C:/Users/eduar/Documents/GitHub/school/ece520l-system-on-chip-design-lab/axi_gpio_eg/axi_gpio_eg.runs/impl_1/axi_gpio_eg_wrapper_opt.dcp' has been generated.
Command: place_design
Attempting to get a license for feature 'Implementation' and/or device 'xc7z010'
INFO: [Common 17-349] Got license for feature 'Implementation' and/or device 'xc7z010'
INFO: [DRC 23-27] Running DRC with 2 threads
INFO: [Vivado_Tcl 4-198] DRC finished with 0 Errors
INFO: [Vivado_Tcl 4-199] Please refer to the DRC report (report_drc) for more information.
Running DRC as a precondition to command place_design
INFO: [DRC 23-27] Running DRC with 2 threads
INFO: [Vivado_Tcl 4-198] DRC finished with 0 Errors
INFO: [Vivado_Tcl 4-199] Please refer to the DRC report (report_drc) for more information.

Starting Placer Task
INFO: [Place 30-611] Multithreading enabled for place_design using a maximum of 2 CPUs

Phase 1 Placer Initialization

Phase 1.1 Placer Initialization Netlist Sorting
Netlist sorting complete. Time (s): cpu = 00:00:00 ; elapsed = 00:00:00.001 . Memory (MB): peak = 1989.711 ; gain = 0.000
Phase 1.1 Placer Initialization Netlist Sorting | Checksum: 1de2f8bb0

Time (s): cpu = 00:00:00 ; elapsed = 00:00:00.017 . Memory (MB): peak = 1989.711 ; gain = 0.000
Netlist sorting complete. Time (s): cpu = 00:00:00 ; elapsed = 00:00:00.001 . Memory (MB): peak = 1989.711 ; gain = 0.000

Phase 1.2 IO Placement/ Clock Placement/ Build Placer Device
INFO: [Timing 38-35] Done setting XDC timing constraints.
Phase 1.2 IO Placement/ Clock Placement/ Build Placer Device | Checksum: 14098f39d

Time (s): cpu = 00:00:00 ; elapsed = 00:00:00.526 . Memory (MB): peak = 1989.711 ; gain = 0.000

Phase 1.3 Build Placer Netlist Model
Phase 1.3 Build Placer Netlist Model | Checksum: 166047703

Time (s): cpu = 00:00:01 ; elapsed = 00:00:00.872 . Memory (MB): peak = 1989.711 ; gain = 0.000

Phase 1.4 Constrain Clocks/Macros
Phase 1.4 Constrain Clocks/Macros | Checksum: 166047703

Time (s): cpu = 00:00:01 ; elapsed = 00:00:00.878 . Memory (MB): peak = 1989.711 ; gain = 0.000
Phase 1 Placer Initialization | Checksum: 166047703

Time (s): cpu = 00:00:01 ; elapsed = 00:00:00.889 . Memory (MB): peak = 1989.711 ; gain = 0.000

Phase 2 Global Placement

Phase 2.1 Floorplanning
Phase 2.1 Floorplanning | Checksum: 124fc6f2b

Time (s): cpu = 00:00:01 ; elapsed = 00:00:01 . Memory (MB): peak = 1989.711 ; gain = 0.000

Phase 2.2 Update Timing before SLR Path Opt
Phase 2.2 Update Timing before SLR Path Opt | Checksum: 1b3813217

Time (s): cpu = 00:00:01 ; elapsed = 00:00:01 . Memory (MB): peak = 1989.711 ; gain = 0.000

Phase 2.3 Post-Processing in Floorplanning
Phase 2.3 Post-Processing in Floorplanning | Checksum: 1b3813217

Time (s): cpu = 00:00:01 ; elapsed = 00:00:01 . Memory (MB): peak = 1989.711 ; gain = 0.000

Phase 2.4 Global Placement Core

Phase 2.4.1 UpdateTiming Before Physical Synthesis
Phase 2.4.1 UpdateTiming Before Physical Synthesis | Checksum: 128ce8296

Time (s): cpu = 00:00:03 ; elapsed = 00:00:02 . Memory (MB): peak = 1989.711 ; gain = 0.000

Phase 2.4.2 Physical Synthesis In Placer
INFO: [Physopt 32-1035] Found 0 LUTNM shape to break, 41 LUT instances to create LUTNM shape
INFO: [Physopt 32-1044] Break lutnm for timing: one critical 0, two critical 0, total 0, new lutff created 0
INFO: [Physopt 32-1138] End 1 Pass. Optimized 18 nets or LUTs. Breaked 0 LUT, combined 18 existing LUTs and moved 0 existing LUT
INFO: [Physopt 32-65] No nets found for high-fanout optimization.
INFO: [Physopt 32-232] Optimized 0 net. Created 0 new instance.
INFO: [Physopt 32-775] End 1 Pass. Optimized 0 net or cell. Created 0 new cell, deleted 0 existing cell and moved 0 existing cell
INFO: [Physopt 32-670] No setup violation found.  DSP Register Optimization was not performed.
INFO: [Physopt 32-670] No setup violation found.  Shift Register to Pipeline Optimization was not performed.
INFO: [Physopt 32-670] No setup violation found.  Shift Register Optimization was not performed.
INFO: [Physopt 32-670] No setup violation found.  BRAM Register Optimization was not performed.
INFO: [Physopt 32-670] No setup violation found.  URAM Register Optimization was not performed.
INFO: [Physopt 32-949] No candidate nets found for dynamic/static region interface net replication
INFO: [Physopt 32-775] End 1 Pass. Optimized 0 net or cell. Created 0 new cell, deleted 0 existing cell and moved 0 existing cell
Netlist sorting complete. Time (s): cpu = 00:00:00 ; elapsed = 00:00:00 . Memory (MB): peak = 1989.711 ; gain = 0.000

Summary of Physical Synthesis Optimizations
============================================


-----------------------------------------------------------------------------------------------------------------------------------------------------------
|  Optimization                                     |  Added Cells  |  Removed Cells  |  Optimized Cells/Nets  |  Dont Touch  |  Iterations  |  Elapsed   |
-----------------------------------------------------------------------------------------------------------------------------------------------------------
|  LUT Combining                                    |            0  |             18  |                    18  |           0  |           1  |  00:00:00  |
|  Retime                                           |            0  |              0  |                     0  |           0  |           1  |  00:00:00  |
|  Very High Fanout                                 |            0  |              0  |                     0  |           0  |           1  |  00:00:00  |
|  DSP Register                                     |            0  |              0  |                     0  |           0  |           0  |  00:00:00  |
|  Shift Register to Pipeline                       |            0  |              0  |                     0  |           0  |           0  |  00:00:00  |
|  Shift Register                                   |            0  |              0  |                     0  |           0  |           0  |  00:00:00  |
|  BRAM Register                                    |            0  |              0  |                     0  |           0  |           0  |  00:00:00  |
|  URAM Register                                    |            0  |              0  |                     0  |           0  |           0  |  00:00:00  |
|  Dynamic/Static Region Interface Net Replication  |            0  |              0  |                     0  |           0  |           1  |  00:00:00  |
|  Total                                            |            0  |             18  |                    18  |           0  |           4  |  00:00:00  |
-----------------------------------------------------------------------------------------------------------------------------------------------------------


Phase 2.4.2 Physical Synthesis In Placer | Checksum: 192493cb3

Time (s): cpu = 00:00:03 ; elapsed = 00:00:03 . Memory (MB): peak = 1989.711 ; gain = 0.000
Phase 2.4 Global Placement Core | Checksum: 1e557f485

Time (s): cpu = 00:00:03 ; elapsed = 00:00:03 . Memory (MB): peak = 1989.711 ; gain = 0.000
Phase 2 Global Placement | Checksum: 1e557f485

Time (s): cpu = 00:00:03 ; elapsed = 00:00:03 . Memory (MB): peak = 1989.711 ; gain = 0.000

Phase 3 Detail Placement

Phase 3.1 Commit Multi Column Macros
Phase 3.1 Commit Multi Column Macros | Checksum: 1bacc7a65

Time (s): cpu = 00:00:04 ; elapsed = 00:00:03 . Memory (MB): peak = 1989.711 ; gain = 0.000

Phase 3.2 Commit Most Macros & LUTRAMs
Phase 3.2 Commit Most Macros & LUTRAMs | Checksum: 121713aaa

Time (s): cpu = 00:00:04 ; elapsed = 00:00:03 . Memory (MB): peak = 1989.711 ; gain = 0.000

Phase 3.3 Area Swap Optimization
Phase 3.3 Area Swap Optimization | Checksum: ff4b5913

Time (s): cpu = 00:00:04 ; elapsed = 00:00:03 . Memory (MB): peak = 1989.711 ; gain = 0.000

Phase 3.4 Pipeline Register Optimization
Phase 3.4 Pipeline Register Optimization | Checksum: 1099e3424

Time (s): cpu = 00:00:04 ; elapsed = 00:00:03 . Memory (MB): peak = 1989.711 ; gain = 0.000

Phase 3.5 Small Shape Detail Placement
Phase 3.5 Small Shape Detail Placement | Checksum: 12127fba6

Time (s): cpu = 00:00:04 ; elapsed = 00:00:03 . Memory (MB): peak = 1989.711 ; gain = 0.000

Phase 3.6 Re-assign LUT pins
Phase 3.6 Re-assign LUT pins | Checksum: 1e6249115

Time (s): cpu = 00:00:04 ; elapsed = 00:00:03 . Memory (MB): peak = 1989.711 ; gain = 0.000

Phase 3.7 Pipeline Register Optimization
Phase 3.7 Pipeline Register Optimization | Checksum: 19c8f7204

Time (s): cpu = 00:00:04 ; elapsed = 00:00:03 . Memory (MB): peak = 1989.711 ; gain = 0.000
Phase 3 Detail Placement | Checksum: 19c8f7204

Time (s): cpu = 00:00:04 ; elapsed = 00:00:03 . Memory (MB): peak = 1989.711 ; gain = 0.000

Phase 4 Post Placement Optimization and Clean-Up

Phase 4.1 Post Commit Optimization
INFO: [Timing 38-35] Done setting XDC timing constraints.

Phase 4.1.1 Post Placement Optimization
Post Placement Optimization Initialization | Checksum: e1db8e2a

Phase 4.1.1.1 BUFG Insertion

Starting Physical Synthesis Task

Phase 1 Physical Synthesis Initialization
INFO: [Physopt 32-721] Multithreading enabled for phys_opt_design using a maximum of 2 CPUs
INFO: [Physopt 32-619] Estimated Timing Summary | WNS=12.600 | TNS=0.000 |
Phase 1 Physical Synthesis Initialization | Checksum: 1633d9457

Time (s): cpu = 00:00:00 ; elapsed = 00:00:00.077 . Memory (MB): peak = 1989.711 ; gain = 0.000
INFO: [Place 46-56] BUFG insertion identified 0 candidate nets. Inserted BUFG: 0, Replicated BUFG Driver: 0, Skipped due to Placement/Routing Conflicts: 0, Skipped due to Timing Degradation: 0, Skipped due to netlist editing failed: 0.
Ending Physical Synthesis Task | Checksum: 1633d9457

Time (s): cpu = 00:00:00 ; elapsed = 00:00:00.091 . Memory (MB): peak = 1989.711 ; gain = 0.000
Phase 4.1.1.1 BUFG Insertion | Checksum: e1db8e2a

Time (s): cpu = 00:00:05 ; elapsed = 00:00:04 . Memory (MB): peak = 1989.711 ; gain = 0.000

Phase 4.1.1.2 Post Placement Timing Optimization
INFO: [Place 30-746] Post Placement Timing Summary WNS=12.600. For the most accurate timing information please run report_timing.
Phase 4.1.1.2 Post Placement Timing Optimization | Checksum: 197a5242c

Time (s): cpu = 00:00:05 ; elapsed = 00:00:04 . Memory (MB): peak = 1989.711 ; gain = 0.000

Time (s): cpu = 00:00:05 ; elapsed = 00:00:04 . Memory (MB): peak = 1989.711 ; gain = 0.000
Phase 4.1 Post Commit Optimization | Checksum: 197a5242c

Time (s): cpu = 00:00:05 ; elapsed = 00:00:04 . Memory (MB): peak = 1989.711 ; gain = 0.000

Phase 4.2 Post Placement Cleanup
Phase 4.2 Post Placement Cleanup | Checksum: 197a5242c

Time (s): cpu = 00:00:05 ; elapsed = 00:00:04 . Memory (MB): peak = 1989.711 ; gain = 0.000

Phase 4.3 Placer Reporting

Phase 4.3.1 Print Estimated Congestion
INFO: [Place 30-612] Post-Placement Estimated Congestion 
 ____________________________________________________
|           | Global Congestion | Short Congestion  |
| Direction | Region Size       | Region Size       |
|___________|___________________|___________________|
|      North|                1x1|                1x1|
|___________|___________________|___________________|
|      South|                1x1|                1x1|
|___________|___________________|___________________|
|       East|                1x1|                1x1|
|___________|___________________|___________________|
|       West|                1x1|                1x1|
|___________|___________________|___________________|

Phase 4.3.1 Print Estimated Congestion | Checksum: 197a5242c

Time (s): cpu = 00:00:05 ; elapsed = 00:00:04 . Memory (MB): peak = 1989.711 ; gain = 0.000
Phase 4.3 Placer Reporting | Checksum: 197a5242c

Time (s): cpu = 00:00:05 ; elapsed = 00:00:04 . Memory (MB): peak = 1989.711 ; gain = 0.000

Phase 4.4 Final Placement Cleanup
Netlist sorting complete. Time (s): cpu = 00:00:00 ; elapsed = 00:00:00.001 . Memory (MB): peak = 1989.711 ; gain = 0.000

Time (s): cpu = 00:00:05 ; elapsed = 00:00:04 . Memory (MB): peak = 1989.711 ; gain = 0.000
Phase 4 Post Placement Optimization and Clean-Up | Checksum: 23d30d93d

Time (s): cpu = 00:00:05 ; elapsed = 00:00:04 . Memory (MB): peak = 1989.711 ; gain = 0.000
Ending Placer Task | Checksum: 176e6ba03

Time (s): cpu = 00:00:05 ; elapsed = 00:00:04 . Memory (MB): peak = 1989.711 ; gain = 0.000
INFO: [Common 17-83] Releasing license: Implementation
70 Infos, 0 Warnings, 0 Critical Warnings and 0 Errors encountered.
place_design completed successfully
place_design: Time (s): cpu = 00:00:07 ; elapsed = 00:00:05 . Memory (MB): peak = 1989.711 ; gain = 0.000
INFO: [runtcl-4] Executing : report_io -file axi_gpio_eg_wrapper_io_placed.rpt
report_io: Time (s): cpu = 00:00:00 ; elapsed = 00:00:00.065 . Memory (MB): peak = 1989.711 ; gain = 0.000
INFO: [runtcl-4] Executing : report_utilization -file axi_gpio_eg_wrapper_utilization_placed.rpt -pb axi_gpio_eg_wrapper_utilization_placed.pb
INFO: [runtcl-4] Executing : report_control_sets -verbose -file axi_gpio_eg_wrapper_control_sets_placed.rpt
report_control_sets: Time (s): cpu = 00:00:00 ; elapsed = 00:00:00.008 . Memory (MB): peak = 1989.711 ; gain = 0.000
INFO: [Timing 38-480] Writing timing data to binary archive.
Writing XDEF routing.
Writing XDEF routing logical nets.
Writing XDEF routing special nets.
Write XDEF Complete: Time (s): cpu = 00:00:01 ; elapsed = 00:00:00.212 . Memory (MB): peak = 1989.711 ; gain = 0.000
INFO: [Common 17-1381] The checkpoint 'C:/Users/eduar/Documents/GitHub/school/ece520l-system-on-chip-design-lab/axi_gpio_eg/axi_gpio_eg.runs/impl_1/axi_gpio_eg_wrapper_placed.dcp' has been generated.
Command: phys_opt_design
Attempting to get a license for feature 'Implementation' and/or device 'xc7z010'
INFO: [Common 17-349] Got license for feature 'Implementation' and/or device 'xc7z010'

Starting Initial Update Timing Task

Time (s): cpu = 00:00:00 ; elapsed = 00:00:00.210 . Memory (MB): peak = 1991.730 ; gain = 2.020
INFO: [Vivado_Tcl 4-383] Design worst setup slack (WNS) is greater than or equal to 0.000 ns. Skipping all physical synthesis optimizations.
INFO: [Vivado_Tcl 4-232] No setup violation found. The netlist was not modified.
INFO: [Common 17-83] Releasing license: Implementation
79 Infos, 0 Warnings, 0 Critical Warnings and 0 Errors encountered.
phys_opt_design completed successfully
INFO: [Timing 38-480] Writing timing data to binary archive.
Writing XDEF routing.
Writing XDEF routing logical nets.
Writing XDEF routing special nets.
Write XDEF Complete: Time (s): cpu = 00:00:01 ; elapsed = 00:00:00.220 . Memory (MB): peak = 2009.598 ; gain = 14.875
INFO: [Common 17-1381] The checkpoint 'C:/Users/eduar/Documents/GitHub/school/ece520l-system-on-chip-design-lab/axi_gpio_eg/axi_gpio_eg.runs/impl_1/axi_gpio_eg_wrapper_physopt.dcp' has been generated.
Command: route_design
Attempting to get a license for feature 'Implementation' and/or device 'xc7z010'
INFO: [Common 17-349] Got license for feature 'Implementation' and/or device 'xc7z010'
Running DRC as a precondition to command route_design
INFO: [DRC 23-27] Running DRC with 2 threads
INFO: [Vivado_Tcl 4-198] DRC finished with 0 Errors
INFO: [Vivado_Tcl 4-199] Please refer to the DRC report (report_drc) for more information.


Starting Routing Task
INFO: [Route 35-254] Multithreading enabled for route_design using a maximum of 2 CPUs

Phase 1 Build RT Design
Checksum: PlaceDB: cc378e68 ConstDB: 0 ShapeSum: aaaf2b9b RouteDB: 0
Post Restoration Checksum: NetGraph: e824e3cc | NumContArr: 8122d5df | Constraints: 190a55ad | Timing: 0
Phase 1 Build RT Design | Checksum: 182520f58

Time (s): cpu = 00:00:12 ; elapsed = 00:00:11 . Memory (MB): peak = 2051.535 ; gain = 32.812

Phase 2 Router Initialization

Phase 2.1 Fix Topology Constraints
Phase 2.1 Fix Topology Constraints | Checksum: 182520f58

Time (s): cpu = 00:00:12 ; elapsed = 00:00:11 . Memory (MB): peak = 2051.535 ; gain = 32.812

Phase 2.2 Pre Route Cleanup
Phase 2.2 Pre Route Cleanup | Checksum: 182520f58

Time (s): cpu = 00:00:12 ; elapsed = 00:00:11 . Memory (MB): peak = 2051.535 ; gain = 32.812
 Number of Nodes with overlaps = 0

Phase 2.3 Update Timing
Phase 2.3 Update Timing | Checksum: 1c7105c03

Time (s): cpu = 00:00:13 ; elapsed = 00:00:12 . Memory (MB): peak = 2055.543 ; gain = 36.820
INFO: [Route 35-416] Intermediate Timing Summary | WNS=12.635 | TNS=0.000  | WHS=-0.185 | THS=-18.986|


Router Utilization Summary
  Global Vertical Routing Utilization    = 0 %
  Global Horizontal Routing Utilization  = 0 %
  Routable Net Status*
  *Does not include unroutable nets such as driverless and loadless.
  Run report_route_status for detailed report.
  Number of Failed Nets               = 1516
    (Failed Nets is the sum of unrouted and partially routed nets)
  Number of Unrouted Nets             = 1516
  Number of Partially Routed Nets     = 0
  Number of Node Overlaps             = 0

Phase 2 Router Initialization | Checksum: 1edd0a714

Time (s): cpu = 00:00:13 ; elapsed = 00:00:12 . Memory (MB): peak = 2055.543 ; gain = 36.820

Phase 3 Initial Routing

Phase 3.1 Global Routing
Phase 3.1 Global Routing | Checksum: 1edd0a714

Time (s): cpu = 00:00:13 ; elapsed = 00:00:12 . Memory (MB): peak = 2055.543 ; gain = 36.820
Phase 3 Initial Routing | Checksum: 18f80e958

Time (s): cpu = 00:00:13 ; elapsed = 00:00:12 . Memory (MB): peak = 2055.543 ; gain = 36.820

Phase 4 Rip-up And Reroute

Phase 4.1 Global Iteration 0
 Number of Nodes with overlaps = 86
 Number of Nodes with overlaps = 0
INFO: [Route 35-416] Intermediate Timing Summary | WNS=12.316 | TNS=0.000  | WHS=N/A    | THS=N/A    |

Phase 4.1 Global Iteration 0 | Checksum: dbcdddc0

Time (s): cpu = 00:00:14 ; elapsed = 00:00:12 . Memory (MB): peak = 2055.543 ; gain = 36.820

Phase 4.2 Global Iteration 1
 Number of Nodes with overlaps = 2
 Number of Nodes with overlaps = 0
INFO: [Route 35-416] Intermediate Timing Summary | WNS=12.316 | TNS=0.000  | WHS=N/A    | THS=N/A    |

Phase 4.2 Global Iteration 1 | Checksum: 1955c7c57

Time (s): cpu = 00:00:14 ; elapsed = 00:00:12 . Memory (MB): peak = 2055.543 ; gain = 36.820
Phase 4 Rip-up And Reroute | Checksum: 1955c7c57

Time (s): cpu = 00:00:14 ; elapsed = 00:00:12 . Memory (MB): peak = 2055.543 ; gain = 36.820

Phase 5 Delay and Skew Optimization

Phase 5.1 Delay CleanUp
Phase 5.1 Delay CleanUp | Checksum: 1955c7c57

Time (s): cpu = 00:00:14 ; elapsed = 00:00:12 . Memory (MB): peak = 2055.543 ; gain = 36.820

Phase 5.2 Clock Skew Optimization
Phase 5.2 Clock Skew Optimization | Checksum: 1955c7c57

Time (s): cpu = 00:00:14 ; elapsed = 00:00:12 . Memory (MB): peak = 2055.543 ; gain = 36.820
Phase 5 Delay and Skew Optimization | Checksum: 1955c7c57

Time (s): cpu = 00:00:14 ; elapsed = 00:00:12 . Memory (MB): peak = 2055.543 ; gain = 36.820

Phase 6 Post Hold Fix

Phase 6.1 Hold Fix Iter

Phase 6.1.1 Update Timing
Phase 6.1.1 Update Timing | Checksum: 1c3bc4c53

Time (s): cpu = 00:00:14 ; elapsed = 00:00:13 . Memory (MB): peak = 2055.543 ; gain = 36.820
INFO: [Route 35-416] Intermediate Timing Summary | WNS=12.467 | TNS=0.000  | WHS=0.038  | THS=0.000  |

Phase 6.1 Hold Fix Iter | Checksum: 185b4a408

Time (s): cpu = 00:00:14 ; elapsed = 00:00:13 . Memory (MB): peak = 2055.543 ; gain = 36.820
Phase 6 Post Hold Fix | Checksum: 185b4a408

Time (s): cpu = 00:00:14 ; elapsed = 00:00:13 . Memory (MB): peak = 2055.543 ; gain = 36.820

Phase 7 Route finalize

Router Utilization Summary
  Global Vertical Routing Utilization    = 0.495214 %
  Global Horizontal Routing Utilization  = 0.683134 %
  Routable Net Status*
  *Does not include unroutable nets such as driverless and loadless.
  Run report_route_status for detailed report.
  Number of Failed Nets               = 0
    (Failed Nets is the sum of unrouted and partially routed nets)
  Number of Unrouted Nets             = 0
  Number of Partially Routed Nets     = 0
  Number of Node Overlaps             = 0

Phase 7 Route finalize | Checksum: 110007c09

Time (s): cpu = 00:00:14 ; elapsed = 00:00:13 . Memory (MB): peak = 2055.543 ; gain = 36.820

Phase 8 Verifying routed nets

 Verification completed successfully
Phase 8 Verifying routed nets | Checksum: 110007c09

Time (s): cpu = 00:00:14 ; elapsed = 00:00:13 . Memory (MB): peak = 2055.543 ; gain = 36.820

Phase 9 Depositing Routes
Phase 9 Depositing Routes | Checksum: b18e3cf9

Time (s): cpu = 00:00:14 ; elapsed = 00:00:13 . Memory (MB): peak = 2055.543 ; gain = 36.820

Phase 10 Post Router Timing
INFO: [Route 35-57] Estimated Timing Summary | WNS=12.467 | TNS=0.000  | WHS=0.038  | THS=0.000  |

INFO: [Route 35-327] The final timing numbers are based on the router estimated timing analysis. For a complete and accurate timing signoff, please run report_timing_summary.
Phase 10 Post Router Timing | Checksum: b18e3cf9

Time (s): cpu = 00:00:14 ; elapsed = 00:00:13 . Memory (MB): peak = 2055.543 ; gain = 36.820
INFO: [Route 35-16] Router Completed Successfully

Phase 11 Post-Route Event Processing
Phase 11 Post-Route Event Processing | Checksum: cad48cc5

Time (s): cpu = 00:00:14 ; elapsed = 00:00:13 . Memory (MB): peak = 2055.543 ; gain = 36.820

Time (s): cpu = 00:00:14 ; elapsed = 00:00:13 . Memory (MB): peak = 2055.543 ; gain = 36.820

Routing Is Done.
INFO: [Common 17-83] Releasing license: Implementation
94 Infos, 0 Warnings, 0 Critical Warnings and 0 Errors encountered.
route_design completed successfully
route_design: Time (s): cpu = 00:00:16 ; elapsed = 00:00:14 . Memory (MB): peak = 2055.543 ; gain = 45.945
INFO: [runtcl-4] Executing : report_drc -file axi_gpio_eg_wrapper_drc_routed.rpt -pb axi_gpio_eg_wrapper_drc_routed.pb -rpx axi_gpio_eg_wrapper_drc_routed.rpx
Command: report_drc -file axi_gpio_eg_wrapper_drc_routed.rpt -pb axi_gpio_eg_wrapper_drc_routed.pb -rpx axi_gpio_eg_wrapper_drc_routed.rpx
INFO: [IP_Flow 19-1839] IP Catalog is up to date.
INFO: [DRC 23-27] Running DRC with 2 threads
INFO: [Vivado_Tcl 2-168] The results of DRC are in file C:/Users/eduar/Documents/GitHub/school/ece520l-system-on-chip-design-lab/axi_gpio_eg/axi_gpio_eg.runs/impl_1/axi_gpio_eg_wrapper_drc_routed.rpt.
report_drc completed successfully
INFO: [runtcl-4] Executing : report_methodology -file axi_gpio_eg_wrapper_methodology_drc_routed.rpt -pb axi_gpio_eg_wrapper_methodology_drc_routed.pb -rpx axi_gpio_eg_wrapper_methodology_drc_routed.rpx
Command: report_methodology -file axi_gpio_eg_wrapper_methodology_drc_routed.rpt -pb axi_gpio_eg_wrapper_methodology_drc_routed.pb -rpx axi_gpio_eg_wrapper_methodology_drc_routed.rpx
INFO: [Timing 38-35] Done setting XDC timing constraints.
INFO: [DRC 23-133] Running Methodology with 2 threads
INFO: [Vivado_Tcl 2-1520] The results of Report Methodology are in file C:/Users/eduar/Documents/GitHub/school/ece520l-system-on-chip-design-lab/axi_gpio_eg/axi_gpio_eg.runs/impl_1/axi_gpio_eg_wrapper_methodology_drc_routed.rpt.
report_methodology completed successfully
INFO: [runtcl-4] Executing : report_power -file axi_gpio_eg_wrapper_power_routed.rpt -pb axi_gpio_eg_wrapper_power_summary_routed.pb -rpx axi_gpio_eg_wrapper_power_routed.rpx
Command: report_power -file axi_gpio_eg_wrapper_power_routed.rpt -pb axi_gpio_eg_wrapper_power_summary_routed.pb -rpx axi_gpio_eg_wrapper_power_routed.rpx
INFO: [Timing 38-35] Done setting XDC timing constraints.
Running Vector-less Activity Propagation...

Finished Running Vector-less Activity Propagation
104 Infos, 0 Warnings, 0 Critical Warnings and 0 Errors encountered.
report_power completed successfully
INFO: [runtcl-4] Executing : report_route_status -file axi_gpio_eg_wrapper_route_status.rpt -pb axi_gpio_eg_wrapper_route_status.pb
INFO: [runtcl-4] Executing : report_timing_summary -max_paths 10 -report_unconstrained -file axi_gpio_eg_wrapper_timing_summary_routed.rpt -pb axi_gpio_eg_wrapper_timing_summary_routed.pb -rpx axi_gpio_eg_wrapper_timing_summary_routed.rpx -warn_on_violation 
INFO: [Timing 38-91] UpdateTimingParams: Speed grade: -1, Delay Type: min_max.
INFO: [Timing 38-191] Multithreading enabled for timing update using a maximum of 2 CPUs
INFO: [runtcl-4] Executing : report_incremental_reuse -file axi_gpio_eg_wrapper_incremental_reuse_routed.rpt
INFO: [Vivado_Tcl 4-1062] Incremental flow is disabled. No incremental reuse Info to report.
INFO: [runtcl-4] Executing : report_clock_utilization -file axi_gpio_eg_wrapper_clock_utilization_routed.rpt
INFO: [runtcl-4] Executing : report_bus_skew -warn_on_violation -file axi_gpio_eg_wrapper_bus_skew_routed.rpt -pb axi_gpio_eg_wrapper_bus_skew_routed.pb -rpx axi_gpio_eg_wrapper_bus_skew_routed.rpx
INFO: [Timing 38-91] UpdateTimingParams: Speed grade: -1, Delay Type: min_max.
INFO: [Timing 38-191] Multithreading enabled for timing update using a maximum of 2 CPUs
INFO: [Timing 38-480] Writing timing data to binary archive.
Writing XDEF routing.
Writing XDEF routing logical nets.
Writing XDEF routing special nets.
Write XDEF Complete: Time (s): cpu = 00:00:01 ; elapsed = 00:00:00.238 . Memory (MB): peak = 2096.445 ; gain = 0.000
INFO: [Common 17-1381] The checkpoint 'C:/Users/eduar/Documents/GitHub/school/ece520l-system-on-chip-design-lab/axi_gpio_eg/axi_gpio_eg.runs/impl_1/axi_gpio_eg_wrapper_routed.dcp' has been generated.
Command: write_bitstream -force axi_gpio_eg_wrapper.bit
Attempting to get a license for feature 'Implementation' and/or device 'xc7z010'
INFO: [Common 17-349] Got license for feature 'Implementation' and/or device 'xc7z010'
Running DRC as a precondition to command write_bitstream
INFO: [IP_Flow 19-1839] IP Catalog is up to date.
INFO: [DRC 23-27] Running DRC with 2 threads
INFO: [Vivado 12-3199] DRC finished with 0 Errors
INFO: [Vivado 12-3200] Please refer to the DRC report (report_drc) for more information.
INFO: [Designutils 20-2272] Running write_bitstream with 2 threads.
Loading data files...
Loading site data...
Loading route data...
Processing options...
Creating bitmap...
Creating bitstream...
Writing bitstream ./axi_gpio_eg_wrapper.bit...
INFO: [Vivado 12-1842] Bitgen Completed Successfully.
INFO: [Project 1-1876] WebTalk data collection is mandatory when using a ULT device. To see the specific WebTalk data collected for your design, open the usage_statistics_webtalk.html or usage_statistics_webtalk.xml file in the implementation directory.
INFO: [Common 17-83] Releasing license: Implementation
14 Infos, 0 Warnings, 0 Critical Warnings and 0 Errors encountered.
write_bitstream completed successfully
write_bitstream: Time (s): cpu = 00:00:12 ; elapsed = 00:00:10 . Memory (MB): peak = 2551.469 ; gain = 455.023
INFO: [Common 17-206] Exiting Vivado at Sun Sep 27 15:56:45 2026...
